   笆ｲ Next.js 15.5.12
   - Environments: .env

   Creating an optimized production build ...
 笨・Compiled successfully in 1190ms
   Linting and checking validity of types ...

./src/app/practices/[id]/edit/actions.ts
57:62  Warning: 'passwordToken' is defined but never used.  @typescript-eslint/no-unused-vars

./src/app/practices/[id]/edit/EditForm.tsx
52:17  Warning: Unused eslint-disable directive (no problems were reported from 'no-restricted-globals').

./src/app/practices/[id]/register/page.tsx
2:10  Warning: 'notFound' is defined but never used.  @typescript-eslint/no-unused-vars

./src/components/DeleteButton.tsx
13:17  Warning: Unused eslint-disable directive (no problems were reported from 'no-restricted-globals').

./src/lib/firestore.ts
2:24  Warning: 'Timestamp' is defined but never used.  @typescript-eslint/no-unused-vars

info  - Need to disable some ESLint rules? Learn more here: https://nextjs.org/docs/app/api-reference/config/eslint#disabling-rules
   Collecting page data ...
   Generating static pages (0/9) ...
   Generating static pages (2/9) 
   Generating static pages (4/9) 
   Generating static pages (6/9) 
node.exe : Error occurr
ed prerendering page "/
". Read more: https://n
extjs.org/docs/messages
/prerender-error
発生場所 行:1 文字:1
+ & "C:\Program Files\n
odejs/node.exe" "C:\Pro
gram Files\nodejs/node_
mo ...
+ ~~~~~~~~~~~~~~~~~~~~~
~~~~~~~~~~~~~~~~~~~~~~~
~~~~~~~~~~~~~~~~~~~~~~~
~~
    + CategoryInfo     
         : NotSpecifi  
  ed: (Error occurre   
 d ...prerender-err    
or:String) [], Rem    o
teException
    + FullyQualifiedEr 
   rorId : NativeComm  
  andError
 
Error: Unable to detect
 a Project Id in the cu
rrent environment. 
To learn more about aut
hentication and Google 
APIs, visit: 
https://cloud.google.co
m/docs/authentication/g
etting-started
    at <unknown> (https
://cloud.google.com/doc
s/authentication/gettin
g-started) {
  digest: '3552819537'
}
Export encountered an e
rror on /page: /, exiti
ng the build.
 筧ｯ Next.js build worke
r exited with code: 1 a
nd signal: null
