
> ksb-visitor@0.1.0 build
> next build

笆ｲ Next.js 16.1.6 (Turbopack)
- Environments: .env

  Creating an optimized production build ...
node.exe : 
発生場所 行:1 文字:1
+ & "C:\Program Files\no
dejs/node.exe" "C:\Progr
am Files\nodejs/node_mo 
...
+ ~~~~~~~~~~~~~~~~~~~~~~
~~~~~~~~~~~~~~~~~~~~~~~~
~~~~~~~~~~~~~~~~~~~~~~~
    + CategoryInfo      
        : NotSpecifi    
ed: (:String) [],     Re
moteException
    + FullyQualifiedEr  
  rorId : NativeComm    
andError
 
> Build error occurred
Error: Turbopack build f
ailed with 1 errors:
./src/proxy.ts
Proxy is missing expecte
d function export name
This function is what Ne
xt.js runs for every req
uest handled by this pro
xy (previously called mi
ddleware).

Why this happens:
- You are migrating from
 `middleware` to `proxy`
, but haven't updated th
e exported function.
- The file exists but do
esn't export a function.
- The export is not a fu
nction (e.g., an object 
or constant).
- There's a syntax error
 preventing the export f
rom being recognized.

To fix it:
- Ensure this file has e
ither a default or "prox
y" function export.

Learn more: https://next
js.org/docs/messages/mid
dleware-to-proxy


    at ignore-listed fra
mes
